14:22:45.607 [background-preinit] INFO  o.h.v.i.util.Version - [<clinit>,21] - HV000001: Hibernate Validator 6.1.6.Final
14:22:48.056 [main] INFO  c.a.n.c.c.i.LocalConfigInfoProcessor - [<clinit>,212] - LOCAL_SNAPSHOT_PATH:C:\Users\zlt\nacos\config
14:22:48.108 [main] INFO  c.a.n.c.c.i.Limiter - [<clinit>,54] - limitTime:5.0
14:22:48.197 [main] INFO  c.a.n.c.c.u.JvmUtil - [<clinit>,49] - isMultiInstance:false
14:22:48.446 [main] INFO  c.z.a.l.ApsLhApplication - [logStartupProfileInfo,655] - The following profiles are active: test
14:22:56.303 [main] INFO  o.a.c.h.Http11NioProtocol - [log,173] - Initializing ProtocolHandler ["http-nio-9000"]
14:22:56.303 [main] INFO  o.a.c.c.StandardService - [log,173] - Starting service [Tomcat]
14:22:56.304 [main] INFO  o.a.c.c.StandardEngine - [log,173] - Starting Servlet engine: [Apache Tomcat/9.0.41]
14:22:56.560 [main] INFO  o.a.c.c.C.[.[.[/] - [log,173] - Initializing Spring embedded WebApplicationContext
14:22:58.610 [main] INFO  c.a.n.client.naming - [call,65] - initializer namespace from System Property :null
14:22:58.611 [main] INFO  c.a.n.client.naming - [call,74] - initializer namespace from System Environment :null
14:22:58.612 [main] INFO  c.a.n.client.naming - [call,84] - initializer namespace from System Property :null
14:22:58.963 [main] INFO  c.a.d.s.b.a.DruidDataSourceAutoConfigure - [dataSource,56] - Init DruidDataSource
14:23:00.203 [main] INFO  c.a.d.p.DruidDataSource - [init,985] - {dataSource-1} inited
14:23:07.622 [main] INFO  c.a.c.s.SentinelWebAutoConfiguration - [addInterceptors,80] - [Sentinel Starter] register SentinelWebInterceptor with urlPatterns: [/**].
14:23:07.980 [main] INFO  c.z.s.c.SyncRabbitMqConfig - [syncReceiveQueue,44] - syncReceiveQueue-001: 侦听队列: SYNC_LINGLONG_APS_QUEUE_NULL
14:23:07.989 [main] INFO  c.z.s.c.SyncRabbitMqConfig - [initSyncQueues,79] - postProcessBeanFactory-001 初始化Queue: APS_MES
14:23:07.990 [main] INFO  c.z.s.c.SyncRabbitMqConfig - [initSyncQueues,79] - postProcessBeanFactory-001 初始化Queue: MES_APS
14:23:08.071 [main] INFO  s.d.s.w.PropertySourcedRequestMappingHandlerMapping - [initHandlerMethods,69] - Mapped URL path [/v2/api-docs] onto method [springfox.documentation.swagger2.web.Swagger2Controller#getDocumentation(String, HttpServletRequest)]
14:23:08.190 [main] INFO  c.n.c.s.URLConfigurationSource - [<init>,122] - To enable URLs as dynamic configuration sources, define System property archaius.configurationSource.additionalUrls or make config.properties available on classpath.
14:23:08.200 [main] INFO  c.n.c.s.URLConfigurationSource - [<init>,122] - To enable URLs as dynamic configuration sources, define System property archaius.configurationSource.additionalUrls or make config.properties available on classpath.
14:23:12.434 [main] INFO  c.a.n.client.naming - [processServiceJson,228] - new ips(1) service: APS_TEST_GROUP@@aps-lh@@DEFAULT -> [{"instanceId":"192.168.2.94#9000#DEFAULT#APS_TEST_GROUP@@aps-lh","ip":"192.168.2.94","port":9000,"weight":1.0,"healthy":true,"enabled":true,"ephemeral":true,"clusterName":"DEFAULT","serviceName":"APS_TEST_GROUP@@aps-lh","metadata":{"management.endpoints.web.base-path":"/metrics","preserved.register.source":"SPRING_CLOUD"},"instanceHeartBeatInterval":5000,"ipDeleteTimeout":30000,"instanceHeartBeatTimeOut":15000}]
14:23:12.441 [main] INFO  c.a.n.client.naming - [processServiceJson,267] - current ips:(1) service: APS_TEST_GROUP@@aps-lh@@DEFAULT -> [{"instanceId":"192.168.2.94#9000#DEFAULT#APS_TEST_GROUP@@aps-lh","ip":"192.168.2.94","port":9000,"weight":1.0,"healthy":true,"enabled":true,"ephemeral":true,"clusterName":"DEFAULT","serviceName":"APS_TEST_GROUP@@aps-lh","metadata":{"management.endpoints.web.base-path":"/metrics","preserved.register.source":"SPRING_CLOUD"},"instanceHeartBeatInterval":5000,"ipDeleteTimeout":30000,"instanceHeartBeatTimeOut":15000}]
14:23:12.452 [main] INFO  o.a.c.h.Http11NioProtocol - [log,173] - Starting ProtocolHandler ["http-nio-9000"]
14:23:12.818 [com.alibaba.nacos.naming.push.receiver] INFO  c.a.n.client.naming - [run,86] - received push data: {"type":"dom","data":"{\"name\":\"APS_TEST_GROUP@@aps-lh\",\"clusters\":\"DEFAULT\",\"cacheMillis\":10000,\"hosts\":[{\"instanceId\":\"192.168.2.94#9000#DEFAULT#APS_TEST_GROUP@@aps-lh\",\"ip\":\"192.168.2.94\",\"port\":9000,\"weight\":1.0,\"healthy\":true,\"enabled\":true,\"ephemeral\":true,\"clusterName\":\"DEFAULT\",\"serviceName\":\"APS_TEST_GROUP@@aps-lh\",\"metadata\":{\"management.endpoints.web.base-path\":\"/metrics\",\"preserved.register.source\":\"SPRING_CLOUD\"},\"instanceHeartBeatInterval\":5000,\"instanceHeartBeatTimeOut\":15000,\"ipDeleteTimeout\":30000}],\"lastRefTime\":1725517636711,\"checksum\":\"\",\"allIPs\":false,\"reachProtectionThreshold\":false,\"valid\":true}","lastRefTime":11655161881065072} from /192.168.2.93
14:23:13.087 [main] INFO  c.a.n.client.naming - [addBeatInfo,81] - [BEAT] adding beat: BeatInfo{port=9000, ip='192.168.2.78', weight=1.0, serviceName='APS_TEST_GROUP@@aps-lh', cluster='DEFAULT', metadata={management.endpoints.web.base-path=/metrics, preserved.register.source=SPRING_CLOUD}, scheduled=false, period=5000, stopped=false} to beat map.
14:23:13.089 [main] INFO  c.a.n.client.naming - [registerService,230] - [REGISTER-SERVICE] test registering service APS_TEST_GROUP@@aps-lh with instance: Instance{instanceId='null', ip='192.168.2.78', port=9000, weight=1.0, healthy=true, enabled=true, ephemeral=true, clusterName='DEFAULT', serviceName='null', metadata={management.endpoints.web.base-path=/metrics, preserved.register.source=SPRING_CLOUD}}
14:23:13.093 [main] INFO  c.a.c.n.r.NacosServiceRegistry - [register,75] - nacos registry, APS_TEST_GROUP aps-lh 192.168.2.78:9000 register finished
14:23:13.629 [com.alibaba.nacos.naming.push.receiver] INFO  c.a.n.client.naming - [run,86] - received push data: {"type":"dom","data":"{\"name\":\"APS_TEST_GROUP@@aps-lh\",\"clusters\":\"DEFAULT\",\"cacheMillis\":10000,\"hosts\":[{\"instanceId\":\"192.168.2.94#9000#DEFAULT#APS_TEST_GROUP@@aps-lh\",\"ip\":\"192.168.2.94\",\"port\":9000,\"weight\":1.0,\"healthy\":true,\"enabled\":true,\"ephemeral\":true,\"clusterName\":\"DEFAULT\",\"serviceName\":\"APS_TEST_GROUP@@aps-lh\",\"metadata\":{\"management.endpoints.web.base-path\":\"/metrics\",\"preserved.register.source\":\"SPRING_CLOUD\"},\"instanceHeartBeatInterval\":5000,\"instanceHeartBeatTimeOut\":15000,\"ipDeleteTimeout\":30000},{\"instanceId\":\"192.168.2.78#9000#DEFAULT#APS_TEST_GROUP@@aps-lh\",\"ip\":\"192.168.2.78\",\"port\":9000,\"weight\":1.0,\"healthy\":true,\"enabled\":true,\"ephemeral\":true,\"clusterName\":\"DEFAULT\",\"serviceName\":\"APS_TEST_GROUP@@aps-lh\",\"metadata\":{\"management.endpoints.web.base-path\":\"/metrics\",\"preserved.register.source\":\"SPRING_CLOUD\"},\"instanceHeartBeatInterval\":5000,\"instanceHeartBeatTimeOut\":15000,\"ipDeleteTimeout\":30000}],\"lastRefTime\":1725517637517,\"checksum\":\"\",\"allIPs\":false,\"reachProtectionThreshold\":false,\"valid\":true}","lastRefTime":11655162686532216} from /192.168.2.93
14:23:13.630 [com.alibaba.nacos.naming.push.receiver] INFO  c.a.n.client.naming - [processServiceJson,228] - new ips(1) service: APS_TEST_GROUP@@aps-lh@@DEFAULT -> [{"instanceId":"192.168.2.78#9000#DEFAULT#APS_TEST_GROUP@@aps-lh","ip":"192.168.2.78","port":9000,"weight":1.0,"healthy":true,"enabled":true,"ephemeral":true,"clusterName":"DEFAULT","serviceName":"APS_TEST_GROUP@@aps-lh","metadata":{"management.endpoints.web.base-path":"/metrics","preserved.register.source":"SPRING_CLOUD"},"instanceHeartBeatInterval":5000,"ipDeleteTimeout":30000,"instanceHeartBeatTimeOut":15000}]
14:23:13.631 [com.alibaba.nacos.naming.push.receiver] INFO  c.a.n.client.naming - [processServiceJson,267] - current ips:(2) service: APS_TEST_GROUP@@aps-lh@@DEFAULT -> [{"instanceId":"192.168.2.94#9000#DEFAULT#APS_TEST_GROUP@@aps-lh","ip":"192.168.2.94","port":9000,"weight":1.0,"healthy":true,"enabled":true,"ephemeral":true,"clusterName":"DEFAULT","serviceName":"APS_TEST_GROUP@@aps-lh","metadata":{"management.endpoints.web.base-path":"/metrics","preserved.register.source":"SPRING_CLOUD"},"instanceHeartBeatInterval":5000,"ipDeleteTimeout":30000,"instanceHeartBeatTimeOut":15000},{"instanceId":"192.168.2.78#9000#DEFAULT#APS_TEST_GROUP@@aps-lh","ip":"192.168.2.78","port":9000,"weight":1.0,"healthy":true,"enabled":true,"ephemeral":true,"clusterName":"DEFAULT","serviceName":"APS_TEST_GROUP@@aps-lh","metadata":{"management.endpoints.web.base-path":"/metrics","preserved.register.source":"SPRING_CLOUD"},"instanceHeartBeatInterval":5000,"ipDeleteTimeout":30000,"instanceHeartBeatTimeOut":15000}]
14:23:13.683 [main] INFO  s.d.s.w.p.DocumentationPluginsBootstrapper - [start,160] - Context refreshed
14:23:13.706 [main] INFO  s.d.s.w.p.DocumentationPluginsBootstrapper - [start,163] - Found 1 custom documentation plugin(s)
14:23:13.798 [main] INFO  s.d.s.w.s.ApiListingReferenceScanner - [scan,41] - Scanning for api listing references
14:23:14.150 [main] INFO  s.d.s.w.r.o.CachingOperationNameGenerator - [startingWith,40] - Generating unique operation named: getInfoUsingGET_1
14:23:14.151 [main] INFO  s.d.s.w.r.o.CachingOperationNameGenerator - [startingWith,40] - Generating unique operation named: listUsingPOST_1
14:23:14.159 [main] INFO  s.d.s.w.r.o.CachingOperationNameGenerator - [startingWith,40] - Generating unique operation named: addUsingPOST_1
14:23:14.161 [main] INFO  s.d.s.w.r.o.CachingOperationNameGenerator - [startingWith,40] - Generating unique operation named: editUsingPOST_1
14:23:14.166 [main] INFO  s.d.s.w.r.o.CachingOperationNameGenerator - [startingWith,40] - Generating unique operation named: getInfoUsingGET_2
14:23:14.169 [main] INFO  s.d.s.w.r.o.CachingOperationNameGenerator - [startingWith,40] - Generating unique operation named: getListUsingPOST_1
14:23:14.172 [main] INFO  s.d.s.w.r.o.CachingOperationNameGenerator - [startingWith,40] - Generating unique operation named: importDataUsingPOST_1
14:23:14.173 [main] INFO  s.d.s.w.r.o.CachingOperationNameGenerator - [startingWith,40] - Generating unique operation named: listUsingPOST_2
14:23:14.174 [main] INFO  s.d.s.w.r.o.CachingOperationNameGenerator - [startingWith,40] - Generating unique operation named: removeUsingDELETE_1
14:23:14.180 [main] INFO  s.d.s.w.r.o.CachingOperationNameGenerator - [startingWith,40] - Generating unique operation named: addUsingPOST_2
14:23:14.182 [main] INFO  s.d.s.w.r.o.CachingOperationNameGenerator - [startingWith,40] - Generating unique operation named: editUsingPOST_2
14:23:14.186 [main] INFO  s.d.s.w.r.o.CachingOperationNameGenerator - [startingWith,40] - Generating unique operation named: getInfoUsingGET_3
14:23:14.187 [main] INFO  s.d.s.w.r.o.CachingOperationNameGenerator - [startingWith,40] - Generating unique operation named: getListUsingPOST_2
14:23:14.189 [main] INFO  s.d.s.w.r.o.CachingOperationNameGenerator - [startingWith,40] - Generating unique operation named: importDataUsingPOST_2
14:23:14.190 [main] INFO  s.d.s.w.r.o.CachingOperationNameGenerator - [startingWith,40] - Generating unique operation named: listUsingPOST_3
14:23:14.191 [main] INFO  s.d.s.w.r.o.CachingOperationNameGenerator - [startingWith,40] - Generating unique operation named: removeUsingDELETE_2
14:23:14.198 [main] INFO  s.d.s.w.r.o.CachingOperationNameGenerator - [startingWith,40] - Generating unique operation named: addUsingPOST_3
14:23:14.210 [main] INFO  s.d.s.w.r.o.CachingOperationNameGenerator - [startingWith,40] - Generating unique operation named: getInfoUsingGET_4
14:23:14.212 [main] INFO  s.d.s.w.r.o.CachingOperationNameGenerator - [startingWith,40] - Generating unique operation named: importDataUsingPOST_3
14:23:14.213 [main] INFO  s.d.s.w.r.o.CachingOperationNameGenerator - [startingWith,40] - Generating unique operation named: listUsingPOST_4
14:23:14.215 [main] INFO  s.d.s.w.r.o.CachingOperationNameGenerator - [startingWith,40] - Generating unique operation named: removeUsingDELETE_3
14:23:14.226 [main] INFO  s.d.s.w.r.o.CachingOperationNameGenerator - [startingWith,40] - Generating unique operation named: addUsingPOST_4
14:23:14.228 [main] INFO  s.d.s.w.r.o.CachingOperationNameGenerator - [startingWith,40] - Generating unique operation named: editUsingPOST_3
14:23:14.237 [main] INFO  s.d.s.w.r.o.CachingOperationNameGenerator - [startingWith,40] - Generating unique operation named: getInfoUsingGET_5
14:23:14.239 [main] INFO  s.d.s.w.r.o.CachingOperationNameGenerator - [startingWith,40] - Generating unique operation named: getListUsingPOST_3
14:23:14.240 [main] INFO  s.d.s.w.r.o.CachingOperationNameGenerator - [startingWith,40] - Generating unique operation named: importDataUsingPOST_4
14:23:14.241 [main] INFO  s.d.s.w.r.o.CachingOperationNameGenerator - [startingWith,40] - Generating unique operation named: listUsingPOST_5
14:23:14.242 [main] INFO  s.d.s.w.r.o.CachingOperationNameGenerator - [startingWith,40] - Generating unique operation named: removeUsingDELETE_4
14:23:14.249 [main] INFO  s.d.s.w.r.o.CachingOperationNameGenerator - [startingWith,40] - Generating unique operation named: addUsingPOST_5
14:23:14.250 [main] INFO  s.d.s.w.r.o.CachingOperationNameGenerator - [startingWith,40] - Generating unique operation named: editUsingPOST_4
14:23:14.255 [main] INFO  s.d.s.w.r.o.CachingOperationNameGenerator - [startingWith,40] - Generating unique operation named: getInfoUsingGET_6
14:23:14.256 [main] INFO  s.d.s.w.r.o.CachingOperationNameGenerator - [startingWith,40] - Generating unique operation named: getListUsingPOST_4
14:23:14.257 [main] INFO  s.d.s.w.r.o.CachingOperationNameGenerator - [startingWith,40] - Generating unique operation named: importDataUsingPOST_5
14:23:14.259 [main] INFO  s.d.s.w.r.o.CachingOperationNameGenerator - [startingWith,40] - Generating unique operation named: listUsingPOST_6
14:23:14.260 [main] INFO  s.d.s.w.r.o.CachingOperationNameGenerator - [startingWith,40] - Generating unique operation named: publishUsingPOST_1
14:23:14.260 [main] INFO  s.d.s.w.r.o.CachingOperationNameGenerator - [startingWith,40] - Generating unique operation named: removeUsingDELETE_5
14:23:14.266 [main] INFO  s.d.s.w.r.o.CachingOperationNameGenerator - [startingWith,40] - Generating unique operation named: editUsingPOST_5
14:23:14.302 [main] INFO  s.d.s.w.r.o.CachingOperationNameGenerator - [startingWith,40] - Generating unique operation named: getInfoUsingGET_7
14:23:14.303 [main] INFO  s.d.s.w.r.o.CachingOperationNameGenerator - [startingWith,40] - Generating unique operation named: listUsingPOST_7
14:23:14.318 [main] INFO  s.d.s.w.r.o.CachingOperationNameGenerator - [startingWith,40] - Generating unique operation named: addUsingPOST_6
14:23:14.323 [main] INFO  s.d.s.w.r.o.CachingOperationNameGenerator - [startingWith,40] - Generating unique operation named: editUsingPOST_6
14:23:14.323 [main] INFO  s.d.s.w.r.o.CachingOperationNameGenerator - [startingWith,40] - Generating unique operation named: exportUsingPOST_1
14:23:14.335 [main] INFO  s.d.s.w.r.o.CachingOperationNameGenerator - [startingWith,40] - Generating unique operation named: getInfoUsingGET_8
14:23:14.345 [main] INFO  s.d.s.w.r.o.CachingOperationNameGenerator - [startingWith,40] - Generating unique operation named: getListUsingPOST_5
14:23:14.348 [main] INFO  s.d.s.w.r.o.CachingOperationNameGenerator - [startingWith,40] - Generating unique operation named: importDataUsingPOST_6
14:23:14.350 [main] INFO  s.d.s.w.r.o.CachingOperationNameGenerator - [startingWith,40] - Generating unique operation named: listUsingPOST_8
14:23:14.351 [main] INFO  s.d.s.w.r.o.CachingOperationNameGenerator - [startingWith,40] - Generating unique operation named: publishUsingPOST_2
14:23:14.352 [main] INFO  s.d.s.w.r.o.CachingOperationNameGenerator - [startingWith,40] - Generating unique operation named: removeUsingDELETE_6
14:23:14.357 [main] INFO  s.d.s.w.r.o.CachingOperationNameGenerator - [startingWith,40] - Generating unique operation named: addUsingPOST_7
14:23:14.360 [main] INFO  s.d.s.w.r.o.CachingOperationNameGenerator - [startingWith,40] - Generating unique operation named: editUsingPOST_7
14:23:14.364 [main] INFO  s.d.s.w.r.o.CachingOperationNameGenerator - [startingWith,40] - Generating unique operation named: getInfoUsingGET_9
14:23:14.366 [main] INFO  s.d.s.w.r.o.CachingOperationNameGenerator - [startingWith,40] - Generating unique operation named: getListUsingPOST_6
14:23:14.367 [main] INFO  s.d.s.w.r.o.CachingOperationNameGenerator - [startingWith,40] - Generating unique operation named: importDataUsingPOST_7
14:23:14.368 [main] INFO  s.d.s.w.r.o.CachingOperationNameGenerator - [startingWith,40] - Generating unique operation named: listUsingPOST_9
14:23:14.369 [main] INFO  s.d.s.w.r.o.CachingOperationNameGenerator - [startingWith,40] - Generating unique operation named: removeUsingDELETE_7
14:23:14.374 [main] INFO  s.d.s.w.r.o.CachingOperationNameGenerator - [startingWith,40] - Generating unique operation named: addUsingPOST_8
14:23:14.376 [main] INFO  s.d.s.w.r.o.CachingOperationNameGenerator - [startingWith,40] - Generating unique operation named: editUsingPOST_8
14:23:14.382 [main] INFO  s.d.s.w.r.o.CachingOperationNameGenerator - [startingWith,40] - Generating unique operation named: getInfoUsingGET_10
14:23:14.383 [main] INFO  s.d.s.w.r.o.CachingOperationNameGenerator - [startingWith,40] - Generating unique operation named: getListUsingPOST_7
14:23:14.384 [main] INFO  s.d.s.w.r.o.CachingOperationNameGenerator - [startingWith,40] - Generating unique operation named: importDataUsingPOST_8
14:23:14.385 [main] INFO  s.d.s.w.r.o.CachingOperationNameGenerator - [startingWith,40] - Generating unique operation named: listUsingPOST_10
14:23:14.386 [main] INFO  s.d.s.w.r.o.CachingOperationNameGenerator - [startingWith,40] - Generating unique operation named: removeUsingDELETE_8
14:23:14.390 [main] INFO  s.d.s.w.r.o.CachingOperationNameGenerator - [startingWith,40] - Generating unique operation named: addUsingPOST_9
14:23:14.392 [main] INFO  s.d.s.w.r.o.CachingOperationNameGenerator - [startingWith,40] - Generating unique operation named: editUsingPOST_9
14:23:14.395 [main] INFO  s.d.s.w.r.o.CachingOperationNameGenerator - [startingWith,40] - Generating unique operation named: getInfoUsingGET_11
14:23:14.396 [main] INFO  s.d.s.w.r.o.CachingOperationNameGenerator - [startingWith,40] - Generating unique operation named: getListUsingPOST_8
14:23:14.397 [main] INFO  s.d.s.w.r.o.CachingOperationNameGenerator - [startingWith,40] - Generating unique operation named: importDataUsingPOST_9
14:23:14.398 [main] INFO  s.d.s.w.r.o.CachingOperationNameGenerator - [startingWith,40] - Generating unique operation named: listUsingPOST_11
14:23:14.399 [main] INFO  s.d.s.w.r.o.CachingOperationNameGenerator - [startingWith,40] - Generating unique operation named: removeUsingDELETE_9
14:23:14.403 [main] INFO  s.d.s.w.r.o.CachingOperationNameGenerator - [startingWith,40] - Generating unique operation named: addUsingPOST_10
14:23:14.405 [main] INFO  s.d.s.w.r.o.CachingOperationNameGenerator - [startingWith,40] - Generating unique operation named: editUsingPOST_10
14:23:14.409 [main] INFO  s.d.s.w.r.o.CachingOperationNameGenerator - [startingWith,40] - Generating unique operation named: getInfoUsingGET_12
14:23:14.410 [main] INFO  s.d.s.w.r.o.CachingOperationNameGenerator - [startingWith,40] - Generating unique operation named: getListUsingPOST_9
14:23:14.411 [main] INFO  s.d.s.w.r.o.CachingOperationNameGenerator - [startingWith,40] - Generating unique operation named: importDataUsingPOST_10
14:23:14.412 [main] INFO  s.d.s.w.r.o.CachingOperationNameGenerator - [startingWith,40] - Generating unique operation named: listUsingPOST_12
14:23:14.413 [main] INFO  s.d.s.w.r.o.CachingOperationNameGenerator - [startingWith,40] - Generating unique operation named: removeUsingDELETE_10
14:23:14.418 [main] INFO  s.d.s.w.r.o.CachingOperationNameGenerator - [startingWith,40] - Generating unique operation named: addUsingPOST_11
14:23:14.420 [main] INFO  s.d.s.w.r.o.CachingOperationNameGenerator - [startingWith,40] - Generating unique operation named: editUsingPOST_11
14:23:14.423 [main] INFO  s.d.s.w.r.o.CachingOperationNameGenerator - [startingWith,40] - Generating unique operation named: getInfoUsingGET_13
14:23:14.425 [main] INFO  s.d.s.w.r.o.CachingOperationNameGenerator - [startingWith,40] - Generating unique operation named: getListUsingPOST_10
14:23:14.426 [main] INFO  s.d.s.w.r.o.CachingOperationNameGenerator - [startingWith,40] - Generating unique operation named: importDataUsingPOST_11
14:23:14.427 [main] INFO  s.d.s.w.r.o.CachingOperationNameGenerator - [startingWith,40] - Generating unique operation named: listUsingPOST_13
14:23:14.428 [main] INFO  s.d.s.w.r.o.CachingOperationNameGenerator - [startingWith,40] - Generating unique operation named: removeUsingDELETE_11
14:23:14.433 [main] INFO  s.d.s.w.r.o.CachingOperationNameGenerator - [startingWith,40] - Generating unique operation named: addUsingPOST_12
14:23:14.434 [main] INFO  s.d.s.w.r.o.CachingOperationNameGenerator - [startingWith,40] - Generating unique operation named: editUsingPOST_12
14:23:14.438 [main] INFO  s.d.s.w.r.o.CachingOperationNameGenerator - [startingWith,40] - Generating unique operation named: getInfoUsingGET_14
14:23:14.439 [main] INFO  s.d.s.w.r.o.CachingOperationNameGenerator - [startingWith,40] - Generating unique operation named: getListUsingPOST_11
14:23:14.441 [main] INFO  s.d.s.w.r.o.CachingOperationNameGenerator - [startingWith,40] - Generating unique operation named: importDataUsingPOST_12
14:23:14.442 [main] INFO  s.d.s.w.r.o.CachingOperationNameGenerator - [startingWith,40] - Generating unique operation named: listUsingPOST_14
14:23:14.444 [main] INFO  s.d.s.w.r.o.CachingOperationNameGenerator - [startingWith,40] - Generating unique operation named: removeUsingDELETE_12
14:23:14.453 [main] INFO  s.d.s.w.r.o.CachingOperationNameGenerator - [startingWith,40] - Generating unique operation named: addUsingPOST_13
14:23:14.456 [main] INFO  s.d.s.w.r.o.CachingOperationNameGenerator - [startingWith,40] - Generating unique operation named: editUsingPOST_13
14:23:14.460 [main] INFO  s.d.s.w.r.o.CachingOperationNameGenerator - [startingWith,40] - Generating unique operation named: getInfoUsingGET_15
14:23:14.461 [main] INFO  s.d.s.w.r.o.CachingOperationNameGenerator - [startingWith,40] - Generating unique operation named: getListUsingPOST_12
14:23:14.463 [main] INFO  s.d.s.w.r.o.CachingOperationNameGenerator - [startingWith,40] - Generating unique operation named: importDataUsingPOST_13
14:23:14.464 [main] INFO  s.d.s.w.r.o.CachingOperationNameGenerator - [startingWith,40] - Generating unique operation named: listUsingPOST_15
14:23:14.465 [main] INFO  s.d.s.w.r.o.CachingOperationNameGenerator - [startingWith,40] - Generating unique operation named: removeUsingDELETE_13
14:23:14.471 [main] INFO  s.d.s.w.r.o.CachingOperationNameGenerator - [startingWith,40] - Generating unique operation named: addUsingPOST_14
14:23:14.473 [main] INFO  s.d.s.w.r.o.CachingOperationNameGenerator - [startingWith,40] - Generating unique operation named: editUsingPOST_14
14:23:14.475 [main] INFO  s.d.s.w.r.o.CachingOperationNameGenerator - [startingWith,40] - Generating unique operation named: getInfoUsingGET_16
14:23:14.476 [main] INFO  s.d.s.w.r.o.CachingOperationNameGenerator - [startingWith,40] - Generating unique operation named: getListUsingPOST_13
14:23:14.477 [main] INFO  s.d.s.w.r.o.CachingOperationNameGenerator - [startingWith,40] - Generating unique operation named: importDataUsingPOST_14
14:23:14.478 [main] INFO  s.d.s.w.r.o.CachingOperationNameGenerator - [startingWith,40] - Generating unique operation named: listUsingPOST_16
14:23:14.478 [main] INFO  s.d.s.w.r.o.CachingOperationNameGenerator - [startingWith,40] - Generating unique operation named: removeUsingDELETE_14
14:23:14.482 [main] INFO  s.d.s.w.r.o.CachingOperationNameGenerator - [startingWith,40] - Generating unique operation named: addUsingPOST_15
14:23:14.484 [main] INFO  s.d.s.w.r.o.CachingOperationNameGenerator - [startingWith,40] - Generating unique operation named: editUsingPOST_15
14:23:14.489 [main] INFO  s.d.s.w.r.o.CachingOperationNameGenerator - [startingWith,40] - Generating unique operation named: getInfoUsingGET_17
14:23:14.490 [main] INFO  s.d.s.w.r.o.CachingOperationNameGenerator - [startingWith,40] - Generating unique operation named: getListUsingPOST_14
14:23:14.491 [main] INFO  s.d.s.w.r.o.CachingOperationNameGenerator - [startingWith,40] - Generating unique operation named: importDataUsingPOST_15
14:23:14.492 [main] INFO  s.d.s.w.r.o.CachingOperationNameGenerator - [startingWith,40] - Generating unique operation named: listUsingPOST_17
14:23:14.492 [main] INFO  s.d.s.w.r.o.CachingOperationNameGenerator - [startingWith,40] - Generating unique operation named: removeUsingDELETE_15
14:23:14.496 [main] INFO  s.d.s.w.r.o.CachingOperationNameGenerator - [startingWith,40] - Generating unique operation named: addUsingPOST_16
14:23:14.497 [main] INFO  s.d.s.w.r.o.CachingOperationNameGenerator - [startingWith,40] - Generating unique operation named: editUsingPOST_16
14:23:14.499 [main] INFO  s.d.s.w.r.o.CachingOperationNameGenerator - [startingWith,40] - Generating unique operation named: getInfoUsingGET_18
14:23:14.501 [main] INFO  s.d.s.w.r.o.CachingOperationNameGenerator - [startingWith,40] - Generating unique operation named: getListUsingPOST_15
14:23:14.502 [main] INFO  s.d.s.w.r.o.CachingOperationNameGenerator - [startingWith,40] - Generating unique operation named: importDataUsingPOST_16
14:23:14.503 [main] INFO  s.d.s.w.r.o.CachingOperationNameGenerator - [startingWith,40] - Generating unique operation named: listUsingPOST_18
14:23:14.504 [main] INFO  s.d.s.w.r.o.CachingOperationNameGenerator - [startingWith,40] - Generating unique operation named: removeUsingDELETE_16
14:23:14.507 [main] INFO  s.d.s.w.r.o.CachingOperationNameGenerator - [startingWith,40] - Generating unique operation named: addUsingPOST_17
14:23:14.509 [main] INFO  s.d.s.w.r.o.CachingOperationNameGenerator - [startingWith,40] - Generating unique operation named: editUsingPOST_17
14:23:14.511 [main] INFO  s.d.s.w.r.o.CachingOperationNameGenerator - [startingWith,40] - Generating unique operation named: getInfoUsingGET_19
14:23:14.513 [main] INFO  s.d.s.w.r.o.CachingOperationNameGenerator - [startingWith,40] - Generating unique operation named: getListUsingPOST_16
14:23:14.515 [main] INFO  s.d.s.w.r.o.CachingOperationNameGenerator - [startingWith,40] - Generating unique operation named: importDataUsingPOST_17
14:23:14.516 [main] INFO  s.d.s.w.r.o.CachingOperationNameGenerator - [startingWith,40] - Generating unique operation named: listUsingPOST_19
14:23:14.517 [main] INFO  s.d.s.w.r.o.CachingOperationNameGenerator - [startingWith,40] - Generating unique operation named: removeUsingDELETE_17
14:23:14.520 [main] INFO  s.d.s.w.r.o.CachingOperationNameGenerator - [startingWith,40] - Generating unique operation named: addUsingPOST_18
14:23:14.522 [main] INFO  s.d.s.w.r.o.CachingOperationNameGenerator - [startingWith,40] - Generating unique operation named: editUsingPOST_18
14:23:14.524 [main] INFO  s.d.s.w.r.o.CachingOperationNameGenerator - [startingWith,40] - Generating unique operation named: getInfoUsingGET_20
14:23:14.525 [main] INFO  s.d.s.w.r.o.CachingOperationNameGenerator - [startingWith,40] - Generating unique operation named: getListUsingPOST_17
14:23:14.526 [main] INFO  s.d.s.w.r.o.CachingOperationNameGenerator - [startingWith,40] - Generating unique operation named: importDataUsingPOST_18
14:23:14.527 [main] INFO  s.d.s.w.r.o.CachingOperationNameGenerator - [startingWith,40] - Generating unique operation named: listUsingPOST_20
14:23:14.527 [main] INFO  s.d.s.w.r.o.CachingOperationNameGenerator - [startingWith,40] - Generating unique operation named: removeUsingDELETE_18
14:23:14.532 [main] INFO  s.d.s.w.r.o.CachingOperationNameGenerator - [startingWith,40] - Generating unique operation named: addUsingPOST_19
14:23:14.534 [main] INFO  s.d.s.w.r.o.CachingOperationNameGenerator - [startingWith,40] - Generating unique operation named: editUsingPOST_19
14:23:14.536 [main] INFO  s.d.s.w.r.o.CachingOperationNameGenerator - [startingWith,40] - Generating unique operation named: getInfoUsingGET_21
14:23:14.538 [main] INFO  s.d.s.w.r.o.CachingOperationNameGenerator - [startingWith,40] - Generating unique operation named: getListUsingPOST_18
14:23:14.539 [main] INFO  s.d.s.w.r.o.CachingOperationNameGenerator - [startingWith,40] - Generating unique operation named: importDataUsingPOST_19
14:23:14.539 [main] INFO  s.d.s.w.r.o.CachingOperationNameGenerator - [startingWith,40] - Generating unique operation named: listUsingPOST_21
14:23:14.540 [main] INFO  s.d.s.w.r.o.CachingOperationNameGenerator - [startingWith,40] - Generating unique operation named: removeUsingDELETE_19
14:23:14.542 [main] INFO  s.d.s.w.r.o.CachingOperationNameGenerator - [startingWith,40] - Generating unique operation named: handleUsingGET_1
14:23:14.542 [main] INFO  s.d.s.w.r.o.CachingOperationNameGenerator - [startingWith,40] - Generating unique operation named: handleUsingGET_2
14:23:14.543 [main] INFO  s.d.s.w.r.o.CachingOperationNameGenerator - [startingWith,40] - Generating unique operation named: handleUsingDELETE_1
14:23:14.544 [main] INFO  s.d.s.w.r.o.CachingOperationNameGenerator - [startingWith,40] - Generating unique operation named: handleUsingGET_3
14:23:14.544 [main] INFO  s.d.s.w.r.o.CachingOperationNameGenerator - [startingWith,40] - Generating unique operation named: handleUsingGET_4
14:23:14.545 [main] INFO  s.d.s.w.r.o.CachingOperationNameGenerator - [startingWith,40] - Generating unique operation named: handleUsingGET_5
14:23:14.545 [main] INFO  s.d.s.w.r.o.CachingOperationNameGenerator - [startingWith,40] - Generating unique operation named: handleUsingGET_6
14:23:14.546 [main] INFO  s.d.s.w.r.o.CachingOperationNameGenerator - [startingWith,40] - Generating unique operation named: handleUsingGET_7
14:23:14.547 [main] INFO  s.d.s.w.r.o.CachingOperationNameGenerator - [startingWith,40] - Generating unique operation named: handleUsingGET_8
14:23:14.548 [main] INFO  s.d.s.w.r.o.CachingOperationNameGenerator - [startingWith,40] - Generating unique operation named: handleUsingGET_9
14:23:14.548 [main] INFO  s.d.s.w.r.o.CachingOperationNameGenerator - [startingWith,40] - Generating unique operation named: handleUsingGET_10
14:23:14.549 [main] INFO  s.d.s.w.r.o.CachingOperationNameGenerator - [startingWith,40] - Generating unique operation named: handleUsingGET_11
14:23:14.549 [main] INFO  s.d.s.w.r.o.CachingOperationNameGenerator - [startingWith,40] - Generating unique operation named: handleUsingGET_12
14:23:14.550 [main] INFO  s.d.s.w.r.o.CachingOperationNameGenerator - [startingWith,40] - Generating unique operation named: handleUsingGET_13
14:23:14.551 [main] INFO  s.d.s.w.r.o.CachingOperationNameGenerator - [startingWith,40] - Generating unique operation named: handleUsingGET_14
14:23:14.552 [main] INFO  s.d.s.w.r.o.CachingOperationNameGenerator - [startingWith,40] - Generating unique operation named: handleUsingGET_15
14:23:14.552 [main] INFO  s.d.s.w.r.o.CachingOperationNameGenerator - [startingWith,40] - Generating unique operation named: handleUsingGET_16
14:23:14.552 [main] INFO  s.d.s.w.r.o.CachingOperationNameGenerator - [startingWith,40] - Generating unique operation named: handleUsingGET_17
14:23:14.553 [main] INFO  s.d.s.w.r.o.CachingOperationNameGenerator - [startingWith,40] - Generating unique operation named: handleUsingGET_18
14:23:14.553 [main] INFO  s.d.s.w.r.o.CachingOperationNameGenerator - [startingWith,40] - Generating unique operation named: handleUsingGET_19
14:23:14.554 [main] INFO  s.d.s.w.r.o.CachingOperationNameGenerator - [startingWith,40] - Generating unique operation named: handleUsingPOST_1
14:23:14.554 [main] INFO  s.d.s.w.r.o.CachingOperationNameGenerator - [startingWith,40] - Generating unique operation named: handleUsingGET_20
14:23:14.555 [main] INFO  s.d.s.w.r.o.CachingOperationNameGenerator - [startingWith,40] - Generating unique operation named: handleUsingGET_21
14:23:14.555 [main] INFO  s.d.s.w.r.o.CachingOperationNameGenerator - [startingWith,40] - Generating unique operation named: handleUsingPOST_2
14:23:14.556 [main] INFO  s.d.s.w.r.o.CachingOperationNameGenerator - [startingWith,40] - Generating unique operation named: handleUsingGET_22
14:23:14.556 [main] INFO  s.d.s.w.r.o.CachingOperationNameGenerator - [startingWith,40] - Generating unique operation named: handleUsingGET_23
14:23:16.174 [main] INFO  c.z.a.l.ApsLhApplication - [logStarted,61] - Started ApsLhApplication in 32.394 seconds (JVM running for 39.507)
14:23:16.188 [main] INFO  c.a.n.c.c.i.ClientWorker - [addCacheDataIfAbsent,239] - [fixed-192.168.2.93_8848-test] [subscribe] aps-lh.yml+TEST_GROUP+test
14:23:16.190 [main] INFO  c.a.n.c.c.i.CacheData - [addListener,93] - [fixed-192.168.2.93_8848-test] [add-listener] ok, tenant=test, dataId=aps-lh.yml, group=TEST_GROUP, cnt=1
14:23:16.192 [main] INFO  c.a.n.c.c.i.ClientWorker - [addCacheDataIfAbsent,239] - [fixed-192.168.2.93_8848-test] [subscribe] aps-lh-test.yml+TEST_GROUP+test
14:23:16.192 [main] INFO  c.a.n.c.c.i.CacheData - [addListener,93] - [fixed-192.168.2.93_8848-test] [add-listener] ok, tenant=test, dataId=aps-lh-test.yml, group=TEST_GROUP, cnt=1
14:23:16.192 [main] INFO  c.a.n.c.c.i.ClientWorker - [addCacheDataIfAbsent,239] - [fixed-192.168.2.93_8848-test] [subscribe] aps-lh+TEST_GROUP+test
14:23:16.192 [main] INFO  c.a.n.c.c.i.CacheData - [addListener,93] - [fixed-192.168.2.93_8848-test] [add-listener] ok, tenant=test, dataId=aps-lh, group=TEST_GROUP, cnt=1
14:23:16.974 [RMI TCP Connection(8)-192.168.2.78] INFO  o.a.c.c.C.[.[.[/] - [log,173] - Initializing Spring DispatcherServlet 'dispatcherServlet'
