14:22:03.697 [background-preinit] INFO  o.h.v.i.util.Version - [<clinit>,21] - HV000001: Hibernate Validator 6.1.6.Final
14:22:05.591 [main] INFO  c.a.n.c.c.i.LocalConfigInfoProcessor - [<clinit>,212] - LOCAL_SNAPSHOT_PATH:C:\Users\zlt\nacos\config
14:22:05.650 [main] INFO  c.a.n.c.c.i.Limiter - [<clinit>,54] - limitTime:5.0
14:22:05.878 [main] INFO  c.a.n.c.c.u.JvmUtil - [<clinit>,49] - isMultiInstance:false
14:22:06.005 [main] INFO  c.z.a.c.ApsCxApplication - [logStartupProfileInfo,655] - The following profiles are active: test
14:22:14.481 [main] INFO  o.a.c.h.Http11NioProtocol - [log,173] - Initializing ProtocolHandler ["http-nio-9001"]
14:22:14.482 [main] INFO  o.a.c.c.StandardService - [log,173] - Starting service [Tomcat]
14:22:14.483 [main] INFO  o.a.c.c.StandardEngine - [log,173] - Starting Servlet engine: [Apache Tomcat/9.0.41]
14:22:14.752 [main] INFO  o.a.c.c.C.[.[.[/] - [log,173] - Initializing Spring embedded WebApplicationContext
14:22:16.925 [main] INFO  c.a.n.client.naming - [call,65] - initializer namespace from System Property :null
14:22:16.926 [main] INFO  c.a.n.client.naming - [call,74] - initializer namespace from System Environment :null
14:22:16.927 [main] INFO  c.a.n.client.naming - [call,84] - initializer namespace from System Property :null
14:22:17.398 [main] INFO  c.a.d.s.b.a.DruidDataSourceAutoConfigure - [dataSource,56] - Init DruidDataSource
14:22:18.923 [main] INFO  c.a.d.p.DruidDataSource - [init,985] - {dataSource-1} inited
14:22:29.919 [main] INFO  c.a.c.s.SentinelWebAutoConfiguration - [addInterceptors,80] - [Sentinel Starter] register SentinelWebInterceptor with urlPatterns: [/**].
14:22:30.468 [main] INFO  c.z.s.c.SyncRabbitMqConfig - [syncReceiveQueue,44] - syncReceiveQueue-001: 侦听队列: SYNC_LINGLONG_APS_QUEUE_NULL
14:22:30.478 [main] INFO  c.z.s.c.SyncRabbitMqConfig - [initSyncQueues,79] - postProcessBeanFactory-001 初始化Queue: APS_MES
14:22:30.478 [main] INFO  c.z.s.c.SyncRabbitMqConfig - [initSyncQueues,79] - postProcessBeanFactory-001 初始化Queue: MES_APS
14:22:30.582 [main] INFO  s.d.s.w.PropertySourcedRequestMappingHandlerMapping - [initHandlerMethods,69] - Mapped URL path [/v2/api-docs] onto method [springfox.documentation.swagger2.web.Swagger2Controller#getDocumentation(String, HttpServletRequest)]
14:22:30.730 [main] INFO  c.n.c.s.URLConfigurationSource - [<init>,122] - To enable URLs as dynamic configuration sources, define System property archaius.configurationSource.additionalUrls or make config.properties available on classpath.
14:22:30.740 [main] INFO  c.n.c.s.URLConfigurationSource - [<init>,122] - To enable URLs as dynamic configuration sources, define System property archaius.configurationSource.additionalUrls or make config.properties available on classpath.
14:22:39.066 [main] INFO  c.a.n.client.naming - [processServiceJson,228] - new ips(1) service: APS_TEST_GROUP@@aps-cx@@DEFAULT -> [{"instanceId":"192.168.2.94#9001#DEFAULT#APS_TEST_GROUP@@aps-cx","ip":"192.168.2.94","port":9001,"weight":1.0,"healthy":true,"enabled":true,"ephemeral":true,"clusterName":"DEFAULT","serviceName":"APS_TEST_GROUP@@aps-cx","metadata":{"management.endpoints.web.base-path":"/metrics","preserved.register.source":"SPRING_CLOUD"},"instanceHeartBeatInterval":5000,"ipDeleteTimeout":30000,"instanceHeartBeatTimeOut":15000}]
14:22:39.080 [main] INFO  c.a.n.client.naming - [processServiceJson,267] - current ips:(1) service: APS_TEST_GROUP@@aps-cx@@DEFAULT -> [{"instanceId":"192.168.2.94#9001#DEFAULT#APS_TEST_GROUP@@aps-cx","ip":"192.168.2.94","port":9001,"weight":1.0,"healthy":true,"enabled":true,"ephemeral":true,"clusterName":"DEFAULT","serviceName":"APS_TEST_GROUP@@aps-cx","metadata":{"management.endpoints.web.base-path":"/metrics","preserved.register.source":"SPRING_CLOUD"},"instanceHeartBeatInterval":5000,"ipDeleteTimeout":30000,"instanceHeartBeatTimeOut":15000}]
14:22:39.096 [main] INFO  o.a.c.h.Http11NioProtocol - [log,173] - Starting ProtocolHandler ["http-nio-9001"]
14:22:39.367 [com.alibaba.nacos.naming.push.receiver] INFO  c.a.n.client.naming - [run,86] - received push data: {"type":"dom","data":"{\"name\":\"APS_TEST_GROUP@@aps-cx\",\"clusters\":\"DEFAULT\",\"cacheMillis\":10000,\"hosts\":[{\"instanceId\":\"192.168.2.94#9001#DEFAULT#APS_TEST_GROUP@@aps-cx\",\"ip\":\"192.168.2.94\",\"port\":9001,\"weight\":1.0,\"healthy\":true,\"enabled\":true,\"ephemeral\":true,\"clusterName\":\"DEFAULT\",\"serviceName\":\"APS_TEST_GROUP@@aps-cx\",\"metadata\":{\"management.endpoints.web.base-path\":\"/metrics\",\"preserved.register.source\":\"SPRING_CLOUD\"},\"instanceHeartBeatInterval\":5000,\"instanceHeartBeatTimeOut\":15000,\"ipDeleteTimeout\":30000}],\"lastRefTime\":1725517603248,\"checksum\":\"\",\"allIPs\":false,\"reachProtectionThreshold\":false,\"valid\":true}","lastRefTime":11655128417937597} from /192.168.2.93
14:22:40.196 [main] INFO  c.a.n.client.naming - [addBeatInfo,81] - [BEAT] adding beat: BeatInfo{port=9001, ip='192.168.2.78', weight=1.0, serviceName='APS_TEST_GROUP@@aps-cx', cluster='DEFAULT', metadata={management.endpoints.web.base-path=/metrics, preserved.register.source=SPRING_CLOUD}, scheduled=false, period=5000, stopped=false} to beat map.
14:22:40.198 [main] INFO  c.a.n.client.naming - [registerService,230] - [REGISTER-SERVICE] test registering service APS_TEST_GROUP@@aps-cx with instance: Instance{instanceId='null', ip='192.168.2.78', port=9001, weight=1.0, healthy=true, enabled=true, ephemeral=true, clusterName='DEFAULT', serviceName='null', metadata={management.endpoints.web.base-path=/metrics, preserved.register.source=SPRING_CLOUD}}
14:22:40.218 [main] INFO  c.a.c.n.r.NacosServiceRegistry - [register,75] - nacos registry, APS_TEST_GROUP aps-cx 192.168.2.78:9001 register finished
14:22:40.786 [com.alibaba.nacos.naming.push.receiver] INFO  c.a.n.client.naming - [run,86] - received push data: {"type":"dom","data":"{\"name\":\"APS_TEST_GROUP@@aps-cx\",\"clusters\":\"DEFAULT\",\"cacheMillis\":10000,\"hosts\":[{\"instanceId\":\"192.168.2.78#9001#DEFAULT#APS_TEST_GROUP@@aps-cx\",\"ip\":\"192.168.2.78\",\"port\":9001,\"weight\":1.0,\"healthy\":true,\"enabled\":true,\"ephemeral\":true,\"clusterName\":\"DEFAULT\",\"serviceName\":\"APS_TEST_GROUP@@aps-cx\",\"metadata\":{\"management.endpoints.web.base-path\":\"/metrics\",\"preserved.register.source\":\"SPRING_CLOUD\"},\"instanceHeartBeatInterval\":5000,\"instanceHeartBeatTimeOut\":15000,\"ipDeleteTimeout\":30000},{\"instanceId\":\"192.168.2.94#9001#DEFAULT#APS_TEST_GROUP@@aps-cx\",\"ip\":\"192.168.2.94\",\"port\":9001,\"weight\":1.0,\"healthy\":true,\"enabled\":true,\"ephemeral\":true,\"clusterName\":\"DEFAULT\",\"serviceName\":\"APS_TEST_GROUP@@aps-cx\",\"metadata\":{\"management.endpoints.web.base-path\":\"/metrics\",\"preserved.register.source\":\"SPRING_CLOUD\"},\"instanceHeartBeatInterval\":5000,\"instanceHeartBeatTimeOut\":15000,\"ipDeleteTimeout\":30000}],\"lastRefTime\":1725517604666,\"checksum\":\"\",\"allIPs\":false,\"reachProtectionThreshold\":false,\"valid\":true}","lastRefTime":11655129835316640} from /192.168.2.93
14:22:40.787 [com.alibaba.nacos.naming.push.receiver] INFO  c.a.n.client.naming - [processServiceJson,228] - new ips(1) service: APS_TEST_GROUP@@aps-cx@@DEFAULT -> [{"instanceId":"192.168.2.78#9001#DEFAULT#APS_TEST_GROUP@@aps-cx","ip":"192.168.2.78","port":9001,"weight":1.0,"healthy":true,"enabled":true,"ephemeral":true,"clusterName":"DEFAULT","serviceName":"APS_TEST_GROUP@@aps-cx","metadata":{"management.endpoints.web.base-path":"/metrics","preserved.register.source":"SPRING_CLOUD"},"instanceHeartBeatInterval":5000,"ipDeleteTimeout":30000,"instanceHeartBeatTimeOut":15000}]
14:22:40.789 [com.alibaba.nacos.naming.push.receiver] INFO  c.a.n.client.naming - [processServiceJson,267] - current ips:(2) service: APS_TEST_GROUP@@aps-cx@@DEFAULT -> [{"instanceId":"192.168.2.78#9001#DEFAULT#APS_TEST_GROUP@@aps-cx","ip":"192.168.2.78","port":9001,"weight":1.0,"healthy":true,"enabled":true,"ephemeral":true,"clusterName":"DEFAULT","serviceName":"APS_TEST_GROUP@@aps-cx","metadata":{"management.endpoints.web.base-path":"/metrics","preserved.register.source":"SPRING_CLOUD"},"instanceHeartBeatInterval":5000,"ipDeleteTimeout":30000,"instanceHeartBeatTimeOut":15000},{"instanceId":"192.168.2.94#9001#DEFAULT#APS_TEST_GROUP@@aps-cx","ip":"192.168.2.94","port":9001,"weight":1.0,"healthy":true,"enabled":true,"ephemeral":true,"clusterName":"DEFAULT","serviceName":"APS_TEST_GROUP@@aps-cx","metadata":{"management.endpoints.web.base-path":"/metrics","preserved.register.source":"SPRING_CLOUD"},"instanceHeartBeatInterval":5000,"ipDeleteTimeout":30000,"instanceHeartBeatTimeOut":15000}]
14:22:41.211 [main] INFO  s.d.s.w.p.DocumentationPluginsBootstrapper - [start,160] - Context refreshed
14:22:41.242 [main] INFO  s.d.s.w.p.DocumentationPluginsBootstrapper - [start,163] - Found 1 custom documentation plugin(s)
14:22:41.356 [main] INFO  s.d.s.w.s.ApiListingReferenceScanner - [scan,41] - Scanning for api listing references
14:22:41.660 [main] INFO  s.d.s.w.r.o.CachingOperationNameGenerator - [startingWith,40] - Generating unique operation named: listUsingPOST_1
14:22:41.666 [main] INFO  s.d.s.w.r.o.CachingOperationNameGenerator - [startingWith,40] - Generating unique operation named: listUsingPOST_2
14:22:41.841 [main] INFO  s.d.s.w.r.o.CachingOperationNameGenerator - [startingWith,40] - Generating unique operation named: importDataUsingPOST_1
14:22:41.858 [main] INFO  s.d.s.w.r.o.CachingOperationNameGenerator - [startingWith,40] - Generating unique operation named: listUsingPOST_3
14:22:41.868 [main] INFO  s.d.s.w.r.o.CachingOperationNameGenerator - [startingWith,40] - Generating unique operation named: addUsingPOST_1
14:22:41.872 [main] INFO  s.d.s.w.r.o.CachingOperationNameGenerator - [startingWith,40] - Generating unique operation named: editUsingPOST_1
14:22:41.875 [main] INFO  s.d.s.w.r.o.CachingOperationNameGenerator - [startingWith,40] - Generating unique operation named: getInfoUsingGET_1
14:22:41.877 [main] INFO  s.d.s.w.r.o.CachingOperationNameGenerator - [startingWith,40] - Generating unique operation named: getListUsingPOST_1
14:22:41.881 [main] INFO  s.d.s.w.r.o.CachingOperationNameGenerator - [startingWith,40] - Generating unique operation named: importDataUsingPOST_2
14:22:41.882 [main] INFO  s.d.s.w.r.o.CachingOperationNameGenerator - [startingWith,40] - Generating unique operation named: listUsingPOST_4
14:22:41.883 [main] INFO  s.d.s.w.r.o.CachingOperationNameGenerator - [startingWith,40] - Generating unique operation named: removeUsingDELETE_1
14:22:41.901 [main] INFO  s.d.s.w.r.o.CachingOperationNameGenerator - [startingWith,40] - Generating unique operation named: getInfoUsingGET_2
14:22:41.902 [main] INFO  s.d.s.w.r.o.CachingOperationNameGenerator - [startingWith,40] - Generating unique operation named: listUsingPOST_5
14:22:41.912 [main] INFO  s.d.s.w.r.o.CachingOperationNameGenerator - [startingWith,40] - Generating unique operation named: listUsingPOST_6
14:22:41.925 [main] INFO  s.d.s.w.r.o.CachingOperationNameGenerator - [startingWith,40] - Generating unique operation named: listUsingPOST_7
14:22:41.942 [main] INFO  s.d.s.w.r.o.CachingOperationNameGenerator - [startingWith,40] - Generating unique operation named: editUsingPOST_2
14:22:41.944 [main] INFO  s.d.s.w.r.o.CachingOperationNameGenerator - [startingWith,40] - Generating unique operation named: exportUsingPOST_1
14:22:41.947 [main] INFO  s.d.s.w.r.o.CachingOperationNameGenerator - [startingWith,40] - Generating unique operation named: getInfoUsingGET_3
14:22:41.948 [main] INFO  s.d.s.w.r.o.CachingOperationNameGenerator - [startingWith,40] - Generating unique operation named: importDataUsingPOST_3
14:22:41.950 [main] INFO  s.d.s.w.r.o.CachingOperationNameGenerator - [startingWith,40] - Generating unique operation named: listUsingPOST_8
14:22:41.963 [main] INFO  s.d.s.w.r.o.CachingOperationNameGenerator - [startingWith,40] - Generating unique operation named: listUsingPOST_9
14:22:42.104 [main] INFO  s.d.s.w.r.o.CachingOperationNameGenerator - [startingWith,40] - Generating unique operation named: editUsingPOST_3
14:22:42.184 [main] INFO  s.d.s.w.r.o.CachingOperationNameGenerator - [startingWith,40] - Generating unique operation named: listUsingPOST_10
14:22:42.188 [main] INFO  s.d.s.w.r.o.CachingOperationNameGenerator - [startingWith,40] - Generating unique operation named: removeUsingDELETE_2
14:22:42.194 [main] INFO  s.d.s.w.r.o.CachingOperationNameGenerator - [startingWith,40] - Generating unique operation named: addUsingPOST_2
14:22:42.197 [main] INFO  s.d.s.w.r.o.CachingOperationNameGenerator - [startingWith,40] - Generating unique operation named: editUsingPOST_4
14:22:42.201 [main] INFO  s.d.s.w.r.o.CachingOperationNameGenerator - [startingWith,40] - Generating unique operation named: getInfoUsingGET_4
14:22:42.203 [main] INFO  s.d.s.w.r.o.CachingOperationNameGenerator - [startingWith,40] - Generating unique operation named: getListUsingPOST_2
14:22:42.204 [main] INFO  s.d.s.w.r.o.CachingOperationNameGenerator - [startingWith,40] - Generating unique operation named: importDataUsingPOST_4
14:22:42.206 [main] INFO  s.d.s.w.r.o.CachingOperationNameGenerator - [startingWith,40] - Generating unique operation named: listUsingPOST_11
14:22:42.207 [main] INFO  s.d.s.w.r.o.CachingOperationNameGenerator - [startingWith,40] - Generating unique operation named: removeUsingDELETE_3
14:22:42.215 [main] INFO  s.d.s.w.r.o.CachingOperationNameGenerator - [startingWith,40] - Generating unique operation named: addUsingPOST_3
14:22:42.217 [main] INFO  s.d.s.w.r.o.CachingOperationNameGenerator - [startingWith,40] - Generating unique operation named: editUsingPOST_5
14:22:42.221 [main] INFO  s.d.s.w.r.o.CachingOperationNameGenerator - [startingWith,40] - Generating unique operation named: getInfoUsingGET_5
14:22:42.224 [main] INFO  s.d.s.w.r.o.CachingOperationNameGenerator - [startingWith,40] - Generating unique operation named: importDataUsingPOST_5
14:22:42.226 [main] INFO  s.d.s.w.r.o.CachingOperationNameGenerator - [startingWith,40] - Generating unique operation named: listUsingPOST_12
14:22:42.228 [main] INFO  s.d.s.w.r.o.CachingOperationNameGenerator - [startingWith,40] - Generating unique operation named: removeUsingDELETE_4
14:22:42.234 [main] INFO  s.d.s.w.r.o.CachingOperationNameGenerator - [startingWith,40] - Generating unique operation named: addUsingPOST_4
14:22:42.235 [main] INFO  s.d.s.w.r.o.CachingOperationNameGenerator - [startingWith,40] - Generating unique operation named: editUsingPOST_6
14:22:42.236 [main] INFO  s.d.s.w.r.o.CachingOperationNameGenerator - [startingWith,40] - Generating unique operation named: getInfoUsingGET_6
14:22:42.238 [main] INFO  s.d.s.w.r.o.CachingOperationNameGenerator - [startingWith,40] - Generating unique operation named: getListUsingPOST_3
14:22:42.239 [main] INFO  s.d.s.w.r.o.CachingOperationNameGenerator - [startingWith,40] - Generating unique operation named: importDataUsingPOST_6
14:22:42.241 [main] INFO  s.d.s.w.r.o.CachingOperationNameGenerator - [startingWith,40] - Generating unique operation named: listUsingPOST_13
14:22:42.241 [main] INFO  s.d.s.w.r.o.CachingOperationNameGenerator - [startingWith,40] - Generating unique operation named: removeUsingDELETE_5
14:22:42.250 [main] INFO  s.d.s.w.r.o.CachingOperationNameGenerator - [startingWith,40] - Generating unique operation named: addUsingPOST_5
14:22:42.253 [main] INFO  s.d.s.w.r.o.CachingOperationNameGenerator - [startingWith,40] - Generating unique operation named: editUsingPOST_7
14:22:42.261 [main] INFO  s.d.s.w.r.o.CachingOperationNameGenerator - [startingWith,40] - Generating unique operation named: getInfoUsingGET_7
14:22:42.268 [main] INFO  s.d.s.w.r.o.CachingOperationNameGenerator - [startingWith,40] - Generating unique operation named: importDataUsingPOST_7
14:22:42.269 [main] INFO  s.d.s.w.r.o.CachingOperationNameGenerator - [startingWith,40] - Generating unique operation named: listUsingPOST_14
14:22:42.270 [main] INFO  s.d.s.w.r.o.CachingOperationNameGenerator - [startingWith,40] - Generating unique operation named: removeUsingDELETE_6
14:22:42.279 [main] INFO  s.d.s.w.r.o.CachingOperationNameGenerator - [startingWith,40] - Generating unique operation named: addUsingPOST_6
14:22:42.290 [main] INFO  s.d.s.w.r.o.CachingOperationNameGenerator - [startingWith,40] - Generating unique operation named: exportListUsingPOST_1
14:22:42.291 [main] INFO  s.d.s.w.r.o.CachingOperationNameGenerator - [startingWith,40] - Generating unique operation named: getDetailByIdUsingPOST_1
14:22:42.294 [main] INFO  s.d.s.w.r.o.CachingOperationNameGenerator - [startingWith,40] - Generating unique operation named: getInfoUsingGET_8
14:22:42.296 [main] INFO  s.d.s.w.r.o.CachingOperationNameGenerator - [startingWith,40] - Generating unique operation named: importDataUsingPOST_8
14:22:42.298 [main] INFO  s.d.s.w.r.o.CachingOperationNameGenerator - [startingWith,40] - Generating unique operation named: listUsingPOST_15
14:22:42.299 [main] INFO  s.d.s.w.r.o.CachingOperationNameGenerator - [startingWith,40] - Generating unique operation named: removeUsingDELETE_7
14:22:42.305 [main] INFO  s.d.s.w.r.o.CachingOperationNameGenerator - [startingWith,40] - Generating unique operation named: editUsingPOST_8
14:22:42.312 [main] INFO  s.d.s.w.r.o.CachingOperationNameGenerator - [startingWith,40] - Generating unique operation named: exportUsingPOST_2
14:22:42.313 [main] INFO  s.d.s.w.r.o.CachingOperationNameGenerator - [startingWith,40] - Generating unique operation named: getInfoUsingGET_9
14:22:42.317 [main] INFO  s.d.s.w.r.o.CachingOperationNameGenerator - [startingWith,40] - Generating unique operation named: importDataUsingPOST_9
14:22:42.317 [main] INFO  s.d.s.w.r.o.CachingOperationNameGenerator - [startingWith,40] - Generating unique operation named: listUsingPOST_16
14:22:42.317 [main] INFO  s.d.s.w.r.o.CachingOperationNameGenerator - [startingWith,40] - Generating unique operation named: removeUsingPOST_1
14:22:42.323 [main] INFO  s.d.s.w.r.o.CachingOperationNameGenerator - [startingWith,40] - Generating unique operation named: editUsingPOST_9
14:22:42.334 [main] INFO  s.d.s.w.r.o.CachingOperationNameGenerator - [startingWith,40] - Generating unique operation named: getInfoUsingGET_10
14:22:42.338 [main] INFO  s.d.s.w.r.o.CachingOperationNameGenerator - [startingWith,40] - Generating unique operation named: listUsingPOST_17
14:22:42.349 [main] INFO  s.d.s.w.r.o.CachingOperationNameGenerator - [startingWith,40] - Generating unique operation named: addUsingPOST_7
14:22:42.352 [main] INFO  s.d.s.w.r.o.CachingOperationNameGenerator - [startingWith,40] - Generating unique operation named: editUsingPOST_10
14:22:42.358 [main] INFO  s.d.s.w.r.o.CachingOperationNameGenerator - [startingWith,40] - Generating unique operation named: getInfoUsingGET_11
14:22:42.359 [main] INFO  s.d.s.w.r.o.CachingOperationNameGenerator - [startingWith,40] - Generating unique operation named: getListUsingPOST_4
14:22:42.359 [main] INFO  s.d.s.w.r.o.CachingOperationNameGenerator - [startingWith,40] - Generating unique operation named: listUsingPOST_18
14:22:42.362 [main] INFO  s.d.s.w.r.o.CachingOperationNameGenerator - [startingWith,40] - Generating unique operation named: removeUsingDELETE_8
14:22:42.407 [main] INFO  s.d.s.w.r.o.CachingOperationNameGenerator - [startingWith,40] - Generating unique operation named: addUsingPOST_8
14:22:42.409 [main] INFO  s.d.s.w.r.o.CachingOperationNameGenerator - [startingWith,40] - Generating unique operation named: editUsingPOST_11
14:22:42.459 [main] INFO  s.d.s.w.r.o.CachingOperationNameGenerator - [startingWith,40] - Generating unique operation named: getInfoUsingGET_12
14:22:42.461 [main] INFO  s.d.s.w.r.o.CachingOperationNameGenerator - [startingWith,40] - Generating unique operation named: getListUsingPOST_5
14:22:42.465 [main] INFO  s.d.s.w.r.o.CachingOperationNameGenerator - [startingWith,40] - Generating unique operation named: importDataUsingPOST_10
14:22:42.466 [main] INFO  s.d.s.w.r.o.CachingOperationNameGenerator - [startingWith,40] - Generating unique operation named: listUsingPOST_19
14:22:42.467 [main] INFO  s.d.s.w.r.o.CachingOperationNameGenerator - [startingWith,40] - Generating unique operation named: removeUsingDELETE_9
14:22:42.475 [main] INFO  s.d.s.w.r.o.CachingOperationNameGenerator - [startingWith,40] - Generating unique operation named: addUsingPOST_9
14:22:42.477 [main] INFO  s.d.s.w.r.o.CachingOperationNameGenerator - [startingWith,40] - Generating unique operation named: editUsingPOST_12
14:22:42.480 [main] INFO  s.d.s.w.r.o.CachingOperationNameGenerator - [startingWith,40] - Generating unique operation named: getInfoUsingGET_13
14:22:42.482 [main] INFO  s.d.s.w.r.o.CachingOperationNameGenerator - [startingWith,40] - Generating unique operation named: getListUsingPOST_6
14:22:42.483 [main] INFO  s.d.s.w.r.o.CachingOperationNameGenerator - [startingWith,40] - Generating unique operation named: importDataUsingPOST_11
14:22:42.484 [main] INFO  s.d.s.w.r.o.CachingOperationNameGenerator - [startingWith,40] - Generating unique operation named: listUsingPOST_20
14:22:42.485 [main] INFO  s.d.s.w.r.o.CachingOperationNameGenerator - [startingWith,40] - Generating unique operation named: removeUsingDELETE_10
14:22:42.491 [main] INFO  s.d.s.w.r.o.CachingOperationNameGenerator - [startingWith,40] - Generating unique operation named: addUsingPOST_10
14:22:42.493 [main] INFO  s.d.s.w.r.o.CachingOperationNameGenerator - [startingWith,40] - Generating unique operation named: editUsingPOST_13
14:22:42.496 [main] INFO  s.d.s.w.r.o.CachingOperationNameGenerator - [startingWith,40] - Generating unique operation named: getInfoUsingGET_14
14:22:42.497 [main] INFO  s.d.s.w.r.o.CachingOperationNameGenerator - [startingWith,40] - Generating unique operation named: getListUsingPOST_7
14:22:42.500 [main] INFO  s.d.s.w.r.o.CachingOperationNameGenerator - [startingWith,40] - Generating unique operation named: importDataUsingPOST_12
14:22:42.501 [main] INFO  s.d.s.w.r.o.CachingOperationNameGenerator - [startingWith,40] - Generating unique operation named: listUsingPOST_21
14:22:42.503 [main] INFO  s.d.s.w.r.o.CachingOperationNameGenerator - [startingWith,40] - Generating unique operation named: removeUsingDELETE_11
14:22:42.509 [main] INFO  s.d.s.w.r.o.CachingOperationNameGenerator - [startingWith,40] - Generating unique operation named: addUsingPOST_11
14:22:42.514 [main] INFO  s.d.s.w.r.o.CachingOperationNameGenerator - [startingWith,40] - Generating unique operation named: editUsingPOST_14
14:22:42.515 [main] INFO  s.d.s.w.r.o.CachingOperationNameGenerator - [startingWith,40] - Generating unique operation named: getInfoUsingGET_15
14:22:42.516 [main] INFO  s.d.s.w.r.o.CachingOperationNameGenerator - [startingWith,40] - Generating unique operation named: getListUsingPOST_8
14:22:42.519 [main] INFO  s.d.s.w.r.o.CachingOperationNameGenerator - [startingWith,40] - Generating unique operation named: importDataUsingPOST_13
14:22:42.520 [main] INFO  s.d.s.w.r.o.CachingOperationNameGenerator - [startingWith,40] - Generating unique operation named: listUsingPOST_22
14:22:42.523 [main] INFO  s.d.s.w.r.o.CachingOperationNameGenerator - [startingWith,40] - Generating unique operation named: removeUsingDELETE_12
14:22:42.530 [main] INFO  s.d.s.w.r.o.CachingOperationNameGenerator - [startingWith,40] - Generating unique operation named: editUsingPOST_15
14:22:42.545 [main] INFO  s.d.s.w.r.o.CachingOperationNameGenerator - [startingWith,40] - Generating unique operation named: exportUsingPOST_3
14:22:42.547 [main] INFO  s.d.s.w.r.o.CachingOperationNameGenerator - [startingWith,40] - Generating unique operation named: getInfoUsingGET_16
14:22:42.550 [main] INFO  s.d.s.w.r.o.CachingOperationNameGenerator - [startingWith,40] - Generating unique operation named: importDataUsingPOST_14
14:22:42.551 [main] INFO  s.d.s.w.r.o.CachingOperationNameGenerator - [startingWith,40] - Generating unique operation named: listUsingPOST_23
14:22:42.553 [main] INFO  s.d.s.w.r.o.CachingOperationNameGenerator - [startingWith,40] - Generating unique operation named: removeUsingPOST_2
14:22:42.565 [main] INFO  s.d.s.w.r.o.CachingOperationNameGenerator - [startingWith,40] - Generating unique operation named: editUsingPOST_16
14:22:42.581 [main] INFO  s.d.s.w.r.o.CachingOperationNameGenerator - [startingWith,40] - Generating unique operation named: getInfoUsingGET_17
14:22:42.584 [main] INFO  s.d.s.w.r.o.CachingOperationNameGenerator - [startingWith,40] - Generating unique operation named: importDataUsingPOST_15
14:22:42.587 [main] INFO  s.d.s.w.r.o.CachingOperationNameGenerator - [startingWith,40] - Generating unique operation named: listUsingPOST_24
14:22:42.589 [main] INFO  s.d.s.w.r.o.CachingOperationNameGenerator - [startingWith,40] - Generating unique operation named: removeUsingPOST_3
14:22:42.715 [main] INFO  s.d.s.w.r.o.CachingOperationNameGenerator - [startingWith,40] - Generating unique operation named: addUsingPOST_12
14:22:42.724 [main] INFO  s.d.s.w.r.o.CachingOperationNameGenerator - [startingWith,40] - Generating unique operation named: changeMachineUsingPOST_1
14:22:42.885 [main] INFO  s.d.s.w.r.o.CachingOperationNameGenerator - [startingWith,40] - Generating unique operation named: editUsingPOST_17
14:22:42.891 [main] INFO  s.d.s.w.r.o.CachingOperationNameGenerator - [startingWith,40] - Generating unique operation named: exportUsingPOST_4
14:22:42.920 [main] INFO  s.d.s.w.r.o.CachingOperationNameGenerator - [startingWith,40] - Generating unique operation named: getInfoUsingGET_18
14:22:42.925 [main] INFO  s.d.s.w.r.o.CachingOperationNameGenerator - [startingWith,40] - Generating unique operation named: getListUsingPOST_9
14:22:42.932 [main] INFO  s.d.s.w.r.o.CachingOperationNameGenerator - [startingWith,40] - Generating unique operation named: importDataUsingPOST_16
14:22:42.940 [main] INFO  s.d.s.w.r.o.CachingOperationNameGenerator - [startingWith,40] - Generating unique operation named: listUsingPOST_25
14:22:42.950 [main] INFO  s.d.s.w.r.o.CachingOperationNameGenerator - [startingWith,40] - Generating unique operation named: modifyMoldsUsingPOST_1
14:22:42.951 [main] INFO  s.d.s.w.r.o.CachingOperationNameGenerator - [startingWith,40] - Generating unique operation named: modifyMoldsValidateUsingPOST_1
14:22:42.958 [main] INFO  s.d.s.w.r.o.CachingOperationNameGenerator - [startingWith,40] - Generating unique operation named: removeUsingDELETE_13
14:22:42.972 [main] INFO  s.d.s.w.r.o.CachingOperationNameGenerator - [startingWith,40] - Generating unique operation named: addUsingPOST_13
14:22:42.974 [main] INFO  s.d.s.w.r.o.CachingOperationNameGenerator - [startingWith,40] - Generating unique operation named: editUsingPOST_18
14:22:42.980 [main] INFO  s.d.s.w.r.o.CachingOperationNameGenerator - [startingWith,40] - Generating unique operation named: getInfoUsingGET_19
14:22:42.982 [main] INFO  s.d.s.w.r.o.CachingOperationNameGenerator - [startingWith,40] - Generating unique operation named: getListUsingPOST_10
14:22:42.984 [main] INFO  s.d.s.w.r.o.CachingOperationNameGenerator - [startingWith,40] - Generating unique operation named: importDataUsingPOST_17
14:22:42.986 [main] INFO  s.d.s.w.r.o.CachingOperationNameGenerator - [startingWith,40] - Generating unique operation named: listUsingPOST_26
14:22:42.987 [main] INFO  s.d.s.w.r.o.CachingOperationNameGenerator - [startingWith,40] - Generating unique operation named: removeUsingDELETE_14
14:22:42.994 [main] INFO  s.d.s.w.r.o.CachingOperationNameGenerator - [startingWith,40] - Generating unique operation named: addUsingPOST_14
14:22:42.997 [main] INFO  s.d.s.w.r.o.CachingOperationNameGenerator - [startingWith,40] - Generating unique operation named: editUsingPOST_19
14:22:43.001 [main] INFO  s.d.s.w.r.o.CachingOperationNameGenerator - [startingWith,40] - Generating unique operation named: getInfoUsingGET_20
14:22:43.002 [main] INFO  s.d.s.w.r.o.CachingOperationNameGenerator - [startingWith,40] - Generating unique operation named: getListUsingPOST_11
14:22:43.004 [main] INFO  s.d.s.w.r.o.CachingOperationNameGenerator - [startingWith,40] - Generating unique operation named: importDataUsingPOST_18
14:22:43.006 [main] INFO  s.d.s.w.r.o.CachingOperationNameGenerator - [startingWith,40] - Generating unique operation named: listUsingPOST_27
14:22:43.007 [main] INFO  s.d.s.w.r.o.CachingOperationNameGenerator - [startingWith,40] - Generating unique operation named: removeUsingDELETE_15
14:22:43.014 [main] INFO  s.d.s.w.r.o.CachingOperationNameGenerator - [startingWith,40] - Generating unique operation named: addUsingPOST_15
14:22:43.017 [main] INFO  s.d.s.w.r.o.CachingOperationNameGenerator - [startingWith,40] - Generating unique operation named: editUsingPOST_20
14:22:43.021 [main] INFO  s.d.s.w.r.o.CachingOperationNameGenerator - [startingWith,40] - Generating unique operation named: getInfoUsingGET_21
14:22:43.022 [main] INFO  s.d.s.w.r.o.CachingOperationNameGenerator - [startingWith,40] - Generating unique operation named: getListUsingPOST_12
14:22:43.024 [main] INFO  s.d.s.w.r.o.CachingOperationNameGenerator - [startingWith,40] - Generating unique operation named: importDataUsingPOST_19
14:22:43.025 [main] INFO  s.d.s.w.r.o.CachingOperationNameGenerator - [startingWith,40] - Generating unique operation named: listUsingPOST_28
14:22:43.027 [main] INFO  s.d.s.w.r.o.CachingOperationNameGenerator - [startingWith,40] - Generating unique operation named: removeUsingDELETE_16
14:22:43.038 [main] INFO  s.d.s.w.r.o.CachingOperationNameGenerator - [startingWith,40] - Generating unique operation named: addUsingPOST_16
14:22:43.041 [main] INFO  s.d.s.w.r.o.CachingOperationNameGenerator - [startingWith,40] - Generating unique operation named: editUsingPUT_1
14:22:43.056 [main] INFO  s.d.s.w.r.o.CachingOperationNameGenerator - [startingWith,40] - Generating unique operation named: exportListUsingPOST_2
14:22:43.060 [main] INFO  s.d.s.w.r.o.CachingOperationNameGenerator - [startingWith,40] - Generating unique operation named: importDataUsingPOST_20
14:22:43.071 [main] INFO  s.d.s.w.r.o.CachingOperationNameGenerator - [startingWith,40] - Generating unique operation named: listUsingPOST_29
14:22:43.077 [main] INFO  s.d.s.w.r.o.CachingOperationNameGenerator - [startingWith,40] - Generating unique operation named: removeUsingDELETE_17
14:22:43.090 [main] INFO  s.d.s.w.r.o.CachingOperationNameGenerator - [startingWith,40] - Generating unique operation named: addUsingPOST_17
14:22:43.095 [main] INFO  s.d.s.w.r.o.CachingOperationNameGenerator - [startingWith,40] - Generating unique operation named: editUsingPOST_21
14:22:43.102 [main] INFO  s.d.s.w.r.o.CachingOperationNameGenerator - [startingWith,40] - Generating unique operation named: getInfoUsingGET_22
14:22:43.106 [main] INFO  s.d.s.w.r.o.CachingOperationNameGenerator - [startingWith,40] - Generating unique operation named: getListUsingPOST_13
14:22:43.110 [main] INFO  s.d.s.w.r.o.CachingOperationNameGenerator - [startingWith,40] - Generating unique operation named: importDataUsingPOST_21
14:22:43.112 [main] INFO  s.d.s.w.r.o.CachingOperationNameGenerator - [startingWith,40] - Generating unique operation named: listUsingPOST_30
14:22:43.115 [main] INFO  s.d.s.w.r.o.CachingOperationNameGenerator - [startingWith,40] - Generating unique operation named: removeUsingDELETE_18
14:22:43.123 [main] INFO  s.d.s.w.r.o.CachingOperationNameGenerator - [startingWith,40] - Generating unique operation named: addUsingPOST_18
14:22:43.127 [main] INFO  s.d.s.w.r.o.CachingOperationNameGenerator - [startingWith,40] - Generating unique operation named: editUsingPOST_22
14:22:43.134 [main] INFO  s.d.s.w.r.o.CachingOperationNameGenerator - [startingWith,40] - Generating unique operation named: getInfoUsingGET_23
14:22:43.136 [main] INFO  s.d.s.w.r.o.CachingOperationNameGenerator - [startingWith,40] - Generating unique operation named: getListUsingPOST_14
14:22:43.140 [main] INFO  s.d.s.w.r.o.CachingOperationNameGenerator - [startingWith,40] - Generating unique operation named: importDataUsingPOST_22
14:22:43.141 [main] INFO  s.d.s.w.r.o.CachingOperationNameGenerator - [startingWith,40] - Generating unique operation named: listUsingPOST_31
14:22:43.143 [main] INFO  s.d.s.w.r.o.CachingOperationNameGenerator - [startingWith,40] - Generating unique operation named: removeUsingDELETE_19
14:22:43.153 [main] INFO  s.d.s.w.r.o.CachingOperationNameGenerator - [startingWith,40] - Generating unique operation named: addUsingPOST_19
14:22:43.154 [main] INFO  s.d.s.w.r.o.CachingOperationNameGenerator - [startingWith,40] - Generating unique operation named: editUsingPOST_23
14:22:43.159 [main] INFO  s.d.s.w.r.o.CachingOperationNameGenerator - [startingWith,40] - Generating unique operation named: getInfoUsingGET_24
14:22:43.161 [main] INFO  s.d.s.w.r.o.CachingOperationNameGenerator - [startingWith,40] - Generating unique operation named: getListUsingPOST_15
14:22:43.164 [main] INFO  s.d.s.w.r.o.CachingOperationNameGenerator - [startingWith,40] - Generating unique operation named: importDataUsingPOST_23
14:22:43.165 [main] INFO  s.d.s.w.r.o.CachingOperationNameGenerator - [startingWith,40] - Generating unique operation named: listUsingPOST_32
14:22:43.166 [main] INFO  s.d.s.w.r.o.CachingOperationNameGenerator - [startingWith,40] - Generating unique operation named: removeUsingDELETE_20
14:22:43.230 [main] INFO  s.d.s.w.r.o.CachingOperationNameGenerator - [startingWith,40] - Generating unique operation named: addUsingPOST_20
14:22:43.234 [main] INFO  s.d.s.w.r.o.CachingOperationNameGenerator - [startingWith,40] - Generating unique operation named: editUsingPOST_24
14:22:43.292 [main] INFO  s.d.s.w.r.o.CachingOperationNameGenerator - [startingWith,40] - Generating unique operation named: getInfoUsingGET_25
14:22:43.295 [main] INFO  s.d.s.w.r.o.CachingOperationNameGenerator - [startingWith,40] - Generating unique operation named: getListUsingPOST_16
14:22:43.299 [main] INFO  s.d.s.w.r.o.CachingOperationNameGenerator - [startingWith,40] - Generating unique operation named: importDataUsingPOST_24
14:22:43.303 [main] INFO  s.d.s.w.r.o.CachingOperationNameGenerator - [startingWith,40] - Generating unique operation named: listUsingPOST_33
14:22:43.308 [main] INFO  s.d.s.w.r.o.CachingOperationNameGenerator - [startingWith,40] - Generating unique operation named: removeUsingDELETE_21
14:22:43.317 [main] INFO  s.d.s.w.r.o.CachingOperationNameGenerator - [startingWith,40] - Generating unique operation named: addUsingPOST_21
14:22:43.319 [main] INFO  s.d.s.w.r.o.CachingOperationNameGenerator - [startingWith,40] - Generating unique operation named: editUsingPOST_25
14:22:43.324 [main] INFO  s.d.s.w.r.o.CachingOperationNameGenerator - [startingWith,40] - Generating unique operation named: getInfoUsingGET_26
14:22:43.326 [main] INFO  s.d.s.w.r.o.CachingOperationNameGenerator - [startingWith,40] - Generating unique operation named: getListUsingPOST_17
14:22:43.329 [main] INFO  s.d.s.w.r.o.CachingOperationNameGenerator - [startingWith,40] - Generating unique operation named: importDataUsingPOST_25
14:22:43.331 [main] INFO  s.d.s.w.r.o.CachingOperationNameGenerator - [startingWith,40] - Generating unique operation named: listUsingPOST_34
14:22:43.332 [main] INFO  s.d.s.w.r.o.CachingOperationNameGenerator - [startingWith,40] - Generating unique operation named: removeUsingDELETE_22
14:22:43.336 [main] INFO  s.d.s.w.r.o.CachingOperationNameGenerator - [startingWith,40] - Generating unique operation named: handleUsingGET_1
14:22:43.337 [main] INFO  s.d.s.w.r.o.CachingOperationNameGenerator - [startingWith,40] - Generating unique operation named: handleUsingGET_2
14:22:43.338 [main] INFO  s.d.s.w.r.o.CachingOperationNameGenerator - [startingWith,40] - Generating unique operation named: handleUsingDELETE_1
14:22:43.339 [main] INFO  s.d.s.w.r.o.CachingOperationNameGenerator - [startingWith,40] - Generating unique operation named: handleUsingGET_3
14:22:43.340 [main] INFO  s.d.s.w.r.o.CachingOperationNameGenerator - [startingWith,40] - Generating unique operation named: handleUsingGET_4
14:22:43.340 [main] INFO  s.d.s.w.r.o.CachingOperationNameGenerator - [startingWith,40] - Generating unique operation named: handleUsingGET_5
14:22:43.341 [main] INFO  s.d.s.w.r.o.CachingOperationNameGenerator - [startingWith,40] - Generating unique operation named: handleUsingGET_6
14:22:43.341 [main] INFO  s.d.s.w.r.o.CachingOperationNameGenerator - [startingWith,40] - Generating unique operation named: handleUsingGET_7
14:22:43.342 [main] INFO  s.d.s.w.r.o.CachingOperationNameGenerator - [startingWith,40] - Generating unique operation named: handleUsingGET_8
14:22:43.342 [main] INFO  s.d.s.w.r.o.CachingOperationNameGenerator - [startingWith,40] - Generating unique operation named: handleUsingGET_9
14:22:43.343 [main] INFO  s.d.s.w.r.o.CachingOperationNameGenerator - [startingWith,40] - Generating unique operation named: handleUsingGET_10
14:22:43.344 [main] INFO  s.d.s.w.r.o.CachingOperationNameGenerator - [startingWith,40] - Generating unique operation named: handleUsingGET_11
14:22:43.345 [main] INFO  s.d.s.w.r.o.CachingOperationNameGenerator - [startingWith,40] - Generating unique operation named: handleUsingGET_12
14:22:43.346 [main] INFO  s.d.s.w.r.o.CachingOperationNameGenerator - [startingWith,40] - Generating unique operation named: handleUsingGET_13
14:22:43.347 [main] INFO  s.d.s.w.r.o.CachingOperationNameGenerator - [startingWith,40] - Generating unique operation named: handleUsingGET_14
14:22:43.347 [main] INFO  s.d.s.w.r.o.CachingOperationNameGenerator - [startingWith,40] - Generating unique operation named: handleUsingGET_15
14:22:43.348 [main] INFO  s.d.s.w.r.o.CachingOperationNameGenerator - [startingWith,40] - Generating unique operation named: handleUsingGET_16
14:22:43.349 [main] INFO  s.d.s.w.r.o.CachingOperationNameGenerator - [startingWith,40] - Generating unique operation named: handleUsingGET_17
14:22:43.350 [main] INFO  s.d.s.w.r.o.CachingOperationNameGenerator - [startingWith,40] - Generating unique operation named: handleUsingGET_18
14:22:43.351 [main] INFO  s.d.s.w.r.o.CachingOperationNameGenerator - [startingWith,40] - Generating unique operation named: handleUsingGET_19
14:22:43.352 [main] INFO  s.d.s.w.r.o.CachingOperationNameGenerator - [startingWith,40] - Generating unique operation named: handleUsingPOST_1
14:22:43.353 [main] INFO  s.d.s.w.r.o.CachingOperationNameGenerator - [startingWith,40] - Generating unique operation named: handleUsingGET_20
14:22:43.354 [main] INFO  s.d.s.w.r.o.CachingOperationNameGenerator - [startingWith,40] - Generating unique operation named: handleUsingGET_21
14:22:43.355 [main] INFO  s.d.s.w.r.o.CachingOperationNameGenerator - [startingWith,40] - Generating unique operation named: handleUsingPOST_2
14:22:43.356 [main] INFO  s.d.s.w.r.o.CachingOperationNameGenerator - [startingWith,40] - Generating unique operation named: handleUsingGET_22
14:22:43.358 [main] INFO  s.d.s.w.r.o.CachingOperationNameGenerator - [startingWith,40] - Generating unique operation named: handleUsingGET_23
14:22:43.369 [main] INFO  s.d.s.w.r.o.CachingOperationNameGenerator - [startingWith,40] - Generating unique operation named: exportUsingGET_1
14:22:43.371 [main] INFO  s.d.s.w.r.o.CachingOperationNameGenerator - [startingWith,40] - Generating unique operation named: getInfoUsingGET_27
14:22:43.376 [main] INFO  s.d.s.w.r.o.CachingOperationNameGenerator - [startingWith,40] - Generating unique operation named: listUsingPOST_35
14:22:43.388 [main] INFO  s.d.s.w.r.o.CachingOperationNameGenerator - [startingWith,40] - Generating unique operation named: exportUsingPOST_5
14:22:43.398 [main] INFO  s.d.s.w.r.o.CachingOperationNameGenerator - [startingWith,40] - Generating unique operation named: getListUsingPOST_18
14:22:43.399 [main] INFO  s.d.s.w.r.o.CachingOperationNameGenerator - [startingWith,40] - Generating unique operation named: listUsingPOST_36
14:22:43.407 [main] INFO  s.d.s.w.r.o.CachingOperationNameGenerator - [startingWith,40] - Generating unique operation named: exportUsingPOST_6
14:22:43.417 [main] INFO  s.d.s.w.r.o.CachingOperationNameGenerator - [startingWith,40] - Generating unique operation named: exportUsingPOST_7
14:22:43.419 [main] INFO  s.d.s.w.r.o.CachingOperationNameGenerator - [startingWith,40] - Generating unique operation named: listUsingPOST_37
14:22:43.426 [main] INFO  s.d.s.w.r.o.CachingOperationNameGenerator - [startingWith,40] - Generating unique operation named: importDataUsingPOST_26
14:22:43.428 [main] INFO  s.d.s.w.r.o.CachingOperationNameGenerator - [startingWith,40] - Generating unique operation named: listUsingPOST_38
14:22:43.434 [main] INFO  s.d.s.w.r.o.CachingOperationNameGenerator - [startingWith,40] - Generating unique operation named: addUsingPOST_22
14:22:43.436 [main] INFO  s.d.s.w.r.o.CachingOperationNameGenerator - [startingWith,40] - Generating unique operation named: editUsingPOST_26
14:22:43.441 [main] INFO  s.d.s.w.r.o.CachingOperationNameGenerator - [startingWith,40] - Generating unique operation named: getInfoUsingGET_28
14:22:43.442 [main] INFO  s.d.s.w.r.o.CachingOperationNameGenerator - [startingWith,40] - Generating unique operation named: getListUsingPOST_19
14:22:43.444 [main] INFO  s.d.s.w.r.o.CachingOperationNameGenerator - [startingWith,40] - Generating unique operation named: importDataUsingPOST_27
14:22:43.445 [main] INFO  s.d.s.w.r.o.CachingOperationNameGenerator - [startingWith,40] - Generating unique operation named: listUsingPOST_39
14:22:43.446 [main] INFO  s.d.s.w.r.o.CachingOperationNameGenerator - [startingWith,40] - Generating unique operation named: removeUsingDELETE_23
14:22:45.684 [main] INFO  c.z.a.c.ApsCxApplication - [logStarted,61] - Started ApsCxApplication in 43.42 seconds (JVM running for 50.592)
14:22:45.704 [main] INFO  c.a.n.c.c.i.ClientWorker - [addCacheDataIfAbsent,239] - [fixed-192.168.2.93_8848-test] [subscribe] aps-cx.yml+TEST_GROUP+test
14:22:45.706 [main] INFO  c.a.n.c.c.i.CacheData - [addListener,93] - [fixed-192.168.2.93_8848-test] [add-listener] ok, tenant=test, dataId=aps-cx.yml, group=TEST_GROUP, cnt=1
14:22:45.706 [main] INFO  c.a.n.c.c.i.ClientWorker - [addCacheDataIfAbsent,239] - [fixed-192.168.2.93_8848-test] [subscribe] aps-cx-test.yml+TEST_GROUP+test
14:22:45.707 [main] INFO  c.a.n.c.c.i.CacheData - [addListener,93] - [fixed-192.168.2.93_8848-test] [add-listener] ok, tenant=test, dataId=aps-cx-test.yml, group=TEST_GROUP, cnt=1
14:22:45.707 [main] INFO  c.a.n.c.c.i.ClientWorker - [addCacheDataIfAbsent,239] - [fixed-192.168.2.93_8848-test] [subscribe] aps-cx+TEST_GROUP+test
14:22:45.707 [main] INFO  c.a.n.c.c.i.CacheData - [addListener,93] - [fixed-192.168.2.93_8848-test] [add-listener] ok, tenant=test, dataId=aps-cx, group=TEST_GROUP, cnt=1
14:22:46.325 [RMI TCP Connection(20)-192.168.2.78] INFO  o.a.c.c.C.[.[.[/] - [log,173] - Initializing Spring DispatcherServlet 'dispatcherServlet'
14:24:05.360 [scheduling-1] INFO  c.n.c.ChainedDynamicProperty - [checkAndFlip,115] - Flipping property: ruoyi-system.ribbon.ActiveConnectionsLimit to use NEXT property: niws.loadbalancer.availabilityFilteringRule.activeConnectionsLimit = 2147483647
14:24:05.416 [scheduling-1] INFO  c.n.l.BaseLoadBalancer - [initWithConfig,197] - Client: ruoyi-system instantiated a LoadBalancer: DynamicServerListLoadBalancer:{NFLoadBalancer:name=ruoyi-system,current list of Servers=[],Load balancer stats=Zone stats: {},Server stats: []}ServerList:null
14:24:05.435 [scheduling-1] INFO  c.n.l.DynamicServerListLoadBalancer - [enableAndInitLearnNewServersFeature,222] - Using serverListUpdater PollingServerListUpdater
14:24:05.449 [scheduling-1] INFO  c.a.n.client.naming - [processServiceJson,228] - new ips(1) service: APS_TEST_GROUP@@ruoyi-system -> [{"instanceId":"192.168.2.94#9504#DEFAULT#APS_TEST_GROUP@@ruoyi-system","ip":"192.168.2.94","port":9504,"weight":1.0,"healthy":true,"enabled":true,"ephemeral":true,"clusterName":"DEFAULT","serviceName":"APS_TEST_GROUP@@ruoyi-system","metadata":{"management.endpoints.web.base-path":"/metrics","preserved.register.source":"SPRING_CLOUD"},"instanceHeartBeatInterval":5000,"ipDeleteTimeout":30000,"instanceHeartBeatTimeOut":15000}]
14:24:05.452 [scheduling-1] INFO  c.a.n.client.naming - [processServiceJson,267] - current ips:(1) service: APS_TEST_GROUP@@ruoyi-system -> [{"instanceId":"192.168.2.94#9504#DEFAULT#APS_TEST_GROUP@@ruoyi-system","ip":"192.168.2.94","port":9504,"weight":1.0,"healthy":true,"enabled":true,"ephemeral":true,"clusterName":"DEFAULT","serviceName":"APS_TEST_GROUP@@ruoyi-system","metadata":{"management.endpoints.web.base-path":"/metrics","preserved.register.source":"SPRING_CLOUD"},"instanceHeartBeatInterval":5000,"ipDeleteTimeout":30000,"instanceHeartBeatTimeOut":15000}]
14:24:05.475 [scheduling-1] INFO  c.n.c.ChainedDynamicProperty - [checkAndFlip,115] - Flipping property: ruoyi-system.ribbon.ActiveConnectionsLimit to use NEXT property: niws.loadbalancer.availabilityFilteringRule.activeConnectionsLimit = 2147483647
14:24:05.479 [scheduling-1] INFO  c.n.l.DynamicServerListLoadBalancer - [restOfInit,150] - DynamicServerListLoadBalancer for client ruoyi-system initialized: DynamicServerListLoadBalancer:{NFLoadBalancer:name=ruoyi-system,current list of Servers=[192.168.2.94:9504],Load balancer stats=Zone stats: {unknown=[Zone:unknown;	Instance count:1;	Active connections count: 0;	Circuit breaker tripped count: 0;	Active connections per server: 0.0;]
},Server stats: [[Server:192.168.2.94:9504;	Zone:UNKNOWN;	Total Requests:0;	Successive connection failure:0;	Total blackout seconds:0;	Last connection made:Thu Jan 01 08:00:00 CST 1970;	First connection made: Thu Jan 01 08:00:00 CST 1970;	Active Connections:0;	total failure count in last (1000) msecs:0;	average resp time:0.0;	90 percentile resp time:0.0;	95 percentile resp time:0.0;	min resp time:0.0;	max resp time:0.0;	stddev resp time:0.0]
]}ServerList:com.alibaba.cloud.nacos.ribbon.NacosServerList@20721421
14:24:05.957 [com.alibaba.nacos.naming.push.receiver] INFO  c.a.n.client.naming - [run,86] - received push data: {"type":"dom","data":"{\"name\":\"APS_TEST_GROUP@@ruoyi-system\",\"clusters\":\"\",\"cacheMillis\":10000,\"hosts\":[{\"instanceId\":\"192.168.2.94#9504#DEFAULT#APS_TEST_GROUP@@ruoyi-system\",\"ip\":\"192.168.2.94\",\"port\":9504,\"weight\":1.0,\"healthy\":true,\"enabled\":true,\"ephemeral\":true,\"clusterName\":\"DEFAULT\",\"serviceName\":\"APS_TEST_GROUP@@ruoyi-system\",\"metadata\":{\"management.endpoints.web.base-path\":\"/metrics\",\"preserved.register.source\":\"SPRING_CLOUD\"},\"instanceHeartBeatInterval\":5000,\"instanceHeartBeatTimeOut\":15000,\"ipDeleteTimeout\":30000}],\"lastRefTime\":1725517689847,\"checksum\":\"\",\"allIPs\":false,\"reachProtectionThreshold\":false,\"valid\":true}","lastRefTime":11655215017275923} from /192.168.2.93
14:24:06.444 [PollingServerListUpdater-0] INFO  c.n.c.ChainedDynamicProperty - [checkAndFlip,115] - Flipping property: ruoyi-system.ribbon.ActiveConnectionsLimit to use NEXT property: niws.loadbalancer.availabilityFilteringRule.activeConnectionsLimit = 2147483647
14:25:12.897 [Thread-137] INFO  c.n.l.PollingServerListUpdater - [run,53] - Shutting down the Executor Pool for PollingServerListUpdater
